running egg_info
creating ../build/aaso_final_project/aaso_final_project.egg-info
writing ../build/aaso_final_project/aaso_final_project.egg-info/PKG-INFO
writing dependency_links to ../build/aaso_final_project/aaso_final_project.egg-info/dependency_links.txt
writing entry points to ../build/aaso_final_project/aaso_final_project.egg-info/entry_points.txt
writing requirements to ../build/aaso_final_project/aaso_final_project.egg-info/requires.txt
writing top-level names to ../build/aaso_final_project/aaso_final_project.egg-info/top_level.txt
writing manifest file '../build/aaso_final_project/aaso_final_project.egg-info/SOURCES.txt'
reading manifest file '../build/aaso_final_project/aaso_final_project.egg-info/SOURCES.txt'
writing manifest file '../build/aaso_final_project/aaso_final_project.egg-info/SOURCES.txt'
running build
running build_py
creating /home/capstone/aaso_ws/src/build/aaso_final_project/build
creating /home/capstone/aaso_ws/src/build/aaso_final_project/build/lib
creating /home/capstone/aaso_ws/src/build/aaso_final_project/build/lib/aaso_final_project
copying aaso_final_project/hello.py -> /home/capstone/aaso_ws/src/build/aaso_final_project/build/lib/aaso_final_project
copying aaso_final_project/__init__.py -> /home/capstone/aaso_ws/src/build/aaso_final_project/build/lib/aaso_final_project
copying aaso_final_project/aruco_node.py -> /home/capstone/aaso_ws/src/build/aaso_final_project/build/lib/aaso_final_project
running install
running install_lib
creating /home/capstone/aaso_ws/src/install/aaso_final_project/lib/python3.10/site-packages/aaso_final_project
copying /home/capstone/aaso_ws/src/build/aaso_final_project/build/lib/aaso_final_project/hello.py -> /home/capstone/aaso_ws/src/install/aaso_final_project/lib/python3.10/site-packages/aaso_final_project
copying /home/capstone/aaso_ws/src/build/aaso_final_project/build/lib/aaso_final_project/__init__.py -> /home/capstone/aaso_ws/src/install/aaso_final_project/lib/python3.10/site-packages/aaso_final_project
copying /home/capstone/aaso_ws/src/build/aaso_final_project/build/lib/aaso_final_project/aruco_node.py -> /home/capstone/aaso_ws/src/install/aaso_final_project/lib/python3.10/site-packages/aaso_final_project
byte-compiling /home/capstone/aaso_ws/src/install/aaso_final_project/lib/python3.10/site-packages/aaso_final_project/hello.py to hello.cpython-310.pyc
byte-compiling /home/capstone/aaso_ws/src/install/aaso_final_project/lib/python3.10/site-packages/aaso_final_project/__init__.py to __init__.cpython-310.pyc
byte-compiling /home/capstone/aaso_ws/src/install/aaso_final_project/lib/python3.10/site-packages/aaso_final_project/aruco_node.py to aruco_node.cpython-310.pyc
running install_data
creating /home/capstone/aaso_ws/src/install/aaso_final_project/share/ament_index
creating /home/capstone/aaso_ws/src/install/aaso_final_project/share/ament_index/resource_index
creating /home/capstone/aaso_ws/src/install/aaso_final_project/share/ament_index/resource_index/packages
copying resource/aaso_final_project -> /home/capstone/aaso_ws/src/install/aaso_final_project/share/ament_index/resource_index/packages
copying package.xml -> /home/capstone/aaso_ws/src/install/aaso_final_project/share/aaso_final_project
creating /home/capstone/aaso_ws/src/install/aaso_final_project/share/aaso_final_project/config
copying config/aruco_markers.yaml -> /home/capstone/aaso_ws/src/install/aaso_final_project/share/aaso_final_project/config
running install_egg_info
Copying ../build/aaso_final_project/aaso_final_project.egg-info to /home/capstone/aaso_ws/src/install/aaso_final_project/lib/python3.10/site-packages/aaso_final_project-0.0.0-py3.10.egg-info
running install_scripts
Installing aruco_node script to /home/capstone/aaso_ws/src/install/aaso_final_project/lib/aaso_final_project
writing list of installed files to '/home/capstone/aaso_ws/src/build/aaso_final_project/install.log'
