[0.140s] DEBUG:colcon:Command line arguments: ['/usr/bin/colcon', 'build']
[0.140s] DEBUG:colcon:Parsed command line arguments: Namespace(log_base=None, log_level=None, verb_name='build', build_base='build', install_base='install', merge_install=False, symlink_install=False, test_result_base=None, continue_on_error=False, executor='parallel', parallel_workers=12, event_handlers=None, ignore_user_meta=False, metas=['./colcon.meta'], base_paths=['.'], packages_ignore=None, packages_ignore_regex=None, paths=None, packages_up_to=None, packages_up_to_regex=None, packages_above=None, packages_above_and_dependencies=None, packages_above_depth=None, packages_select_by_dep=None, packages_skip_by_dep=None, packages_skip_up_to=None, packages_select_build_failed=False, packages_skip_build_finished=False, packages_select_test_failures=False, packages_skip_test_passed=False, packages_select=None, packages_skip=None, packages_select_regex=None, packages_skip_regex=None, packages_start=None, packages_end=None, allow_overriding=[], cmake_args=None, cmake_target=None, cmake_target_skip_unavailable=False, cmake_clean_cache=False, cmake_clean_first=False, cmake_force_configure=False, ament_cmake_args=None, catkin_cmake_args=None, catkin_skip_building_tests=False, mixin_files=None, mixin=None, verb_parser=<colcon_mixin.mixin.mixin_argument.MixinArgumentDecorator object at 0x77f87f5db6d0>, verb_extension=<colcon_core.verb.build.BuildVerb object at 0x77f87f5db0a0>, main=<bound method BuildVerb.main of <colcon_core.verb.build.BuildVerb object at 0x77f87f5db0a0>>, mixin_verb=('build',))
[0.441s] Level 1:colcon.colcon_core.package_discovery:discover_packages(colcon_meta) check parameters
[0.441s] Level 1:colcon.colcon_core.package_discovery:discover_packages(recursive) check parameters
[0.441s] Level 1:colcon.colcon_core.package_discovery:discover_packages(ignore) check parameters
[0.441s] Level 1:colcon.colcon_core.package_discovery:discover_packages(path) check parameters
[0.441s] Level 1:colcon.colcon_core.package_discovery:discover_packages(colcon_meta) discover
[0.441s] Level 1:colcon.colcon_core.package_discovery:discover_packages(recursive) discover
[0.441s] INFO:colcon.colcon_core.package_discovery:Crawling recursively for packages in '/home/capstone/aaso_ws/src'
[0.442s] Level 1:colcon.colcon_core.package_identification:_identify(.) by extensions ['ignore', 'ignore_ament_install']
[0.442s] Level 1:colcon.colcon_core.package_identification:_identify(.) by extension 'ignore'
[0.442s] Level 1:colcon.colcon_core.package_identification:_identify(.) by extension 'ignore_ament_install'
[0.442s] Level 1:colcon.colcon_core.package_identification:_identify(.) by extensions ['colcon_pkg']
[0.442s] Level 1:colcon.colcon_core.package_identification:_identify(.) by extension 'colcon_pkg'
[0.442s] Level 1:colcon.colcon_core.package_identification:_identify(.) by extensions ['colcon_meta']
[0.442s] Level 1:colcon.colcon_core.package_identification:_identify(.) by extension 'colcon_meta'
[0.442s] Level 1:colcon.colcon_core.package_identification:_identify(.) by extensions ['ros']
[0.442s] Level 1:colcon.colcon_core.package_identification:_identify(.) by extension 'ros'
[0.470s] Level 1:colcon.colcon_core.package_identification:_identify(.) by extensions ['cmake', 'python']
[0.470s] Level 1:colcon.colcon_core.package_identification:_identify(.) by extension 'cmake'
[0.470s] Level 1:colcon.colcon_core.package_identification:_identify(.) by extension 'python'
[0.470s] Level 1:colcon.colcon_core.package_identification:_identify(.) by extensions ['python_setup_py']
[0.470s] Level 1:colcon.colcon_core.package_identification:_identify(.) by extension 'python_setup_py'
[0.470s] Level 1:colcon.colcon_core.package_identification:_identify(CSE481C_Final_Project) by extensions ['ignore', 'ignore_ament_install']
[0.470s] Level 1:colcon.colcon_core.package_identification:_identify(CSE481C_Final_Project) by extension 'ignore'
[0.470s] Level 1:colcon.colcon_core.package_identification:_identify(CSE481C_Final_Project) by extension 'ignore_ament_install'
[0.470s] Level 1:colcon.colcon_core.package_identification:_identify(CSE481C_Final_Project) by extensions ['colcon_pkg']
[0.471s] Level 1:colcon.colcon_core.package_identification:_identify(CSE481C_Final_Project) by extension 'colcon_pkg'
[0.471s] Level 1:colcon.colcon_core.package_identification:_identify(CSE481C_Final_Project) by extensions ['colcon_meta']
[0.471s] Level 1:colcon.colcon_core.package_identification:_identify(CSE481C_Final_Project) by extension 'colcon_meta'
[0.471s] Level 1:colcon.colcon_core.package_identification:_identify(CSE481C_Final_Project) by extensions ['ros']
[0.471s] Level 1:colcon.colcon_core.package_identification:_identify(CSE481C_Final_Project) by extension 'ros'
[0.475s] DEBUG:colcon.colcon_core.package_identification:Package 'CSE481C_Final_Project' with type 'ros.ament_python' and name 'aaso_final_project'
[0.475s] Level 1:colcon.colcon_core.package_identification:_identify(build) by extensions ['ignore', 'ignore_ament_install']
[0.475s] Level 1:colcon.colcon_core.package_identification:_identify(build) by extension 'ignore'
[0.475s] Level 1:colcon.colcon_core.package_identification:_identify(build) ignored
[0.475s] Level 1:colcon.colcon_core.package_identification:_identify(install) by extensions ['ignore', 'ignore_ament_install']
[0.475s] Level 1:colcon.colcon_core.package_identification:_identify(install) by extension 'ignore'
[0.476s] Level 1:colcon.colcon_core.package_identification:_identify(install) ignored
[0.476s] Level 1:colcon.colcon_core.package_identification:_identify(log) by extensions ['ignore', 'ignore_ament_install']
[0.476s] Level 1:colcon.colcon_core.package_identification:_identify(log) by extension 'ignore'
[0.476s] Level 1:colcon.colcon_core.package_identification:_identify(log) ignored
[0.476s] Level 1:colcon.colcon_core.package_discovery:discover_packages(recursive) using defaults
[0.476s] Level 1:colcon.colcon_core.package_discovery:discover_packages(ignore) discover
[0.476s] Level 1:colcon.colcon_core.package_discovery:discover_packages(ignore) using defaults
[0.476s] Level 1:colcon.colcon_core.package_discovery:discover_packages(path) discover
[0.476s] Level 1:colcon.colcon_core.package_discovery:discover_packages(path) using defaults
[0.497s] Level 1:colcon.colcon_core.package_discovery:discover_packages(prefix_path) check parameters
[0.497s] Level 1:colcon.colcon_core.package_discovery:discover_packages(prefix_path) discover
[0.501s] DEBUG:colcon.colcon_installed_package_information.package_discovery:Found 34 installed packages in /home/capstone/ament_ws/install
[0.503s] DEBUG:colcon.colcon_installed_package_information.package_discovery:Found 423 installed packages in /opt/ros/humble
[0.506s] Level 1:colcon.colcon_core.package_discovery:discover_packages(prefix_path) using defaults
[0.563s] Level 5:colcon.colcon_core.verb:set package 'aaso_final_project' build argument 'cmake_args' from command line to 'None'
[0.563s] Level 5:colcon.colcon_core.verb:set package 'aaso_final_project' build argument 'cmake_target' from command line to 'None'
[0.563s] Level 5:colcon.colcon_core.verb:set package 'aaso_final_project' build argument 'cmake_target_skip_unavailable' from command line to 'False'
[0.563s] Level 5:colcon.colcon_core.verb:set package 'aaso_final_project' build argument 'cmake_clean_cache' from command line to 'False'
[0.563s] Level 5:colcon.colcon_core.verb:set package 'aaso_final_project' build argument 'cmake_clean_first' from command line to 'False'
[0.563s] Level 5:colcon.colcon_core.verb:set package 'aaso_final_project' build argument 'cmake_force_configure' from command line to 'False'
[0.563s] Level 5:colcon.colcon_core.verb:set package 'aaso_final_project' build argument 'ament_cmake_args' from command line to 'None'
[0.563s] Level 5:colcon.colcon_core.verb:set package 'aaso_final_project' build argument 'catkin_cmake_args' from command line to 'None'
[0.564s] Level 5:colcon.colcon_core.verb:set package 'aaso_final_project' build argument 'catkin_skip_building_tests' from command line to 'False'
[0.564s] DEBUG:colcon.colcon_core.verb:Building package 'aaso_final_project' with the following arguments: {'ament_cmake_args': None, 'build_base': '/home/capstone/aaso_ws/src/build/aaso_final_project', 'catkin_cmake_args': None, 'catkin_skip_building_tests': False, 'cmake_args': None, 'cmake_clean_cache': False, 'cmake_clean_first': False, 'cmake_force_configure': False, 'cmake_target': None, 'cmake_target_skip_unavailable': False, 'install_base': '/home/capstone/aaso_ws/src/install/aaso_final_project', 'merge_install': False, 'path': '/home/capstone/aaso_ws/src/CSE481C_Final_Project', 'symlink_install': False, 'test_result_base': None}
[0.564s] INFO:colcon.colcon_core.executor:Executing jobs using 'parallel' executor
[0.565s] DEBUG:colcon.colcon_parallel_executor.executor.parallel:run_until_complete
[0.565s] INFO:colcon.colcon_ros.task.ament_python.build:Building ROS package in '/home/capstone/aaso_ws/src/CSE481C_Final_Project' with build type 'ament_python'
[0.565s] Level 1:colcon.colcon_core.shell:create_environment_hook('aaso_final_project', 'ament_prefix_path')
[0.568s] INFO:colcon.colcon_core.plugin_system:Skipping extension 'colcon_core.shell.bat': Not used on non-Windows systems
[0.568s] INFO:colcon.colcon_core.shell:Creating environment hook '/home/capstone/aaso_ws/src/install/aaso_final_project/share/aaso_final_project/hook/ament_prefix_path.ps1'
[0.570s] INFO:colcon.colcon_core.shell:Creating environment descriptor '/home/capstone/aaso_ws/src/install/aaso_final_project/share/aaso_final_project/hook/ament_prefix_path.dsv'
[0.571s] INFO:colcon.colcon_core.shell:Creating environment hook '/home/capstone/aaso_ws/src/install/aaso_final_project/share/aaso_final_project/hook/ament_prefix_path.sh'
[0.572s] INFO:colcon.colcon_core.shell:Skip shell extension 'powershell' for command environment: Not usable outside of PowerShell
[0.572s] DEBUG:colcon.colcon_core.shell:Skip shell extension 'dsv' for command environment
[1.016s] INFO:colcon.colcon_core.task.python.build:Building Python package in '/home/capstone/aaso_ws/src/CSE481C_Final_Project'
[1.016s] INFO:colcon.colcon_core.shell:Skip shell extension 'powershell' for command environment: Not usable outside of PowerShell
[1.016s] DEBUG:colcon.colcon_core.shell:Skip shell extension 'dsv' for command environment
[1.692s] DEBUG:colcon.colcon_core.event_handler.log_command:Invoking command in '/home/capstone/aaso_ws/src/CSE481C_Final_Project': PYTHONPATH=/home/capstone/aaso_ws/src/build/aaso_final_project/prefix_override:/usr/lib/python3/dist-packages/colcon_core/task/python/colcon_distutils_commands:/home/capstone/aaso_ws/src/install/aaso_final_project/lib/python3.10/site-packages:${PYTHONPATH} /usr/bin/python3 -W ignore:setup.py install is deprecated -W ignore:easy_install command is deprecated setup.py egg_info --egg-base ../build/aaso_final_project build --build-base /home/capstone/aaso_ws/src/build/aaso_final_project/build install --record /home/capstone/aaso_ws/src/build/aaso_final_project/install.log --single-version-externally-managed install_data
[2.176s] DEBUG:colcon.colcon_core.event_handler.log_command:Invoked command in '/home/capstone/aaso_ws/src/CSE481C_Final_Project' returned '0': PYTHONPATH=/home/capstone/aaso_ws/src/build/aaso_final_project/prefix_override:/usr/lib/python3/dist-packages/colcon_core/task/python/colcon_distutils_commands:/home/capstone/aaso_ws/src/install/aaso_final_project/lib/python3.10/site-packages:${PYTHONPATH} /usr/bin/python3 -W ignore:setup.py install is deprecated -W ignore:easy_install command is deprecated setup.py egg_info --egg-base ../build/aaso_final_project build --build-base /home/capstone/aaso_ws/src/build/aaso_final_project/build install --record /home/capstone/aaso_ws/src/build/aaso_final_project/install.log --single-version-externally-managed install_data
[2.180s] Level 1:colcon.colcon_core.environment:checking '/home/capstone/aaso_ws/src/install/aaso_final_project' for CMake module files
[2.180s] Level 1:colcon.colcon_core.environment:checking '/home/capstone/aaso_ws/src/install/aaso_final_project' for CMake config files
[2.181s] Level 1:colcon.colcon_core.environment:checking '/home/capstone/aaso_ws/src/install/aaso_final_project/lib'
[2.181s] Level 1:colcon.colcon_core.environment:checking '/home/capstone/aaso_ws/src/install/aaso_final_project/bin'
[2.181s] Level 1:colcon.colcon_core.environment:checking '/home/capstone/aaso_ws/src/install/aaso_final_project/lib/pkgconfig/aaso_final_project.pc'
[2.182s] Level 1:colcon.colcon_core.environment:checking '/home/capstone/aaso_ws/src/install/aaso_final_project/lib/python3.10/site-packages'
[2.182s] Level 1:colcon.colcon_core.shell:create_environment_hook('aaso_final_project', 'pythonpath')
[2.182s] INFO:colcon.colcon_core.shell:Creating environment hook '/home/capstone/aaso_ws/src/install/aaso_final_project/share/aaso_final_project/hook/pythonpath.ps1'
[2.182s] INFO:colcon.colcon_core.shell:Creating environment descriptor '/home/capstone/aaso_ws/src/install/aaso_final_project/share/aaso_final_project/hook/pythonpath.dsv'
[2.183s] INFO:colcon.colcon_core.shell:Creating environment hook '/home/capstone/aaso_ws/src/install/aaso_final_project/share/aaso_final_project/hook/pythonpath.sh'
[2.183s] Level 1:colcon.colcon_core.environment:checking '/home/capstone/aaso_ws/src/install/aaso_final_project/bin'
[2.183s] Level 1:colcon.colcon_core.environment:create_environment_scripts_only(aaso_final_project)
[2.184s] INFO:colcon.colcon_core.shell:Creating package script '/home/capstone/aaso_ws/src/install/aaso_final_project/share/aaso_final_project/package.ps1'
[2.185s] INFO:colcon.colcon_core.shell:Creating package descriptor '/home/capstone/aaso_ws/src/install/aaso_final_project/share/aaso_final_project/package.dsv'
[2.185s] INFO:colcon.colcon_core.shell:Creating package script '/home/capstone/aaso_ws/src/install/aaso_final_project/share/aaso_final_project/package.sh'
[2.186s] INFO:colcon.colcon_core.shell:Creating package script '/home/capstone/aaso_ws/src/install/aaso_final_project/share/aaso_final_project/package.bash'
[2.187s] INFO:colcon.colcon_core.shell:Creating package script '/home/capstone/aaso_ws/src/install/aaso_final_project/share/aaso_final_project/package.zsh'
[2.188s] Level 1:colcon.colcon_core.environment:create_file_with_runtime_dependencies(/home/capstone/aaso_ws/src/install/aaso_final_project/share/colcon-core/packages/aaso_final_project)
[2.188s] DEBUG:colcon.colcon_parallel_executor.executor.parallel:closing loop
[2.189s] DEBUG:colcon.colcon_parallel_executor.executor.parallel:loop closed
[2.189s] DEBUG:colcon.colcon_parallel_executor.executor.parallel:run_until_complete finished with '0'
[2.189s] DEBUG:colcon.colcon_core.event_reactor:joining thread
[2.200s] INFO:colcon.colcon_core.plugin_system:Skipping extension 'colcon_notification.desktop_notification.terminal_notifier': Not used on non-Darwin systems
[2.200s] INFO:colcon.colcon_core.plugin_system:Skipping extension 'colcon_notification.desktop_notification.win32': Not used on non-Windows systems
[2.200s] INFO:colcon.colcon_notification.desktop_notification:Sending desktop notification using 'notify2'
[2.213s] DEBUG:colcon.colcon_core.event_reactor:joined thread
[2.213s] INFO:colcon.colcon_core.shell:Creating prefix script '/home/capstone/aaso_ws/src/install/local_setup.ps1'
[2.215s] INFO:colcon.colcon_core.shell:Creating prefix util module '/home/capstone/aaso_ws/src/install/_local_setup_util_ps1.py'
[2.218s] INFO:colcon.colcon_core.shell:Creating prefix chain script '/home/capstone/aaso_ws/src/install/setup.ps1'
[2.222s] INFO:colcon.colcon_core.shell:Creating prefix script '/home/capstone/aaso_ws/src/install/local_setup.sh'
[2.223s] INFO:colcon.colcon_core.shell:Creating prefix util module '/home/capstone/aaso_ws/src/install/_local_setup_util_sh.py'
[2.224s] INFO:colcon.colcon_core.shell:Creating prefix chain script '/home/capstone/aaso_ws/src/install/setup.sh'
[2.229s] INFO:colcon.colcon_core.shell:Creating prefix script '/home/capstone/aaso_ws/src/install/local_setup.bash'
[2.230s] INFO:colcon.colcon_core.shell:Creating prefix chain script '/home/capstone/aaso_ws/src/install/setup.bash'
[2.235s] INFO:colcon.colcon_core.shell:Creating prefix script '/home/capstone/aaso_ws/src/install/local_setup.zsh'
[2.235s] INFO:colcon.colcon_core.shell:Creating prefix chain script '/home/capstone/aaso_ws/src/install/setup.zsh'
